// Jest Snapshot v1, https://goo.gl/fbAQLP

exports[`renders correctly 1`] = `
<button
  className="focus:outline-none px-2 py-1 mx-2 text-xs font-semibold  uppercase  rounded hover:bg-gray-300 hover:text-gray-900 text-gray-800 bg-gray-100"
  onClick={[Function]}
>
  label
</button>
`;
