// Jest Snapshot v1, https://goo.gl/fbAQLP

exports[`renders correctly 1`] = `
<tr
  className="border-l-2 border-transparent hover:bg-gray-100 hover:border-gray-400 bg-gray-100 border-l-4 border-gray-400"
  onClick={[Function]}
>
  <td
    className="table-cell px-6 py-4 whitespace-no-wrap border-t border-gray-200"
  >
    <div
      className="flex flex-col text-sm leading-5"
    >
      <span
        className="text-gray-700"
      >
        01:00:00
      </span>
      <span
        className="text-xs text-gray-500"
      >
        1 Jan
      </span>
    </div>
  </td>
  <td
    className="px-6 py-4 text-left whitespace-no-wrap border-t border-gray-200"
  >
    <span
      className="px-2 text-xs uppercase font-semibold rounded bg-red-100 text-red-800"
    >
      label
    </span>
  </td>
  <td
    className="px-6 py-4 whitespace-no-wrap border-t border-gray-200"
  >
    <div
      className="flex items-center"
    >
      <span
        className="inline-flex px-2 text-xs font-semibold uppercase bg-gray-300 rounded "
      >
        BTC
      </span>
      <span
        className="ml-2 font-mono leading-5 text-gray-500"
      >
        1
      </span>
    </div>
  </td>
  <td
    className="px-6 py-4 whitespace-no-wrap border-t border-gray-200"
  >
    <div
      className="flex items-center"
    >
      <span
        className="flex items-center ml-2 leading-5 text-gray-500"
      >
        1.00000
        <div
          className="flex flex-col ml-4 text-xs tracking-tight text-gray-500"
        >
          <span>
            BTS
          </span>
          <div
            className="border-t border-gray-400 "
          />
          <span>
            BTC
          </span>
        </div>
      </span>
    </div>
  </td>
</tr>
`;
