// Jest Snapshot v1, https://goo.gl/fbAQLP

exports[`renders correctly 1`] = `
<div
  className="flex-grow min-w-full bg-white "
>
  <div
    className="flex items-center justify-between"
  >
    <div
      className="flex items-center"
    >
      <h2
        className="p-6 text-2xl text-gray-700"
      >
        Orderbook
      </h2>
      <span
        className="px-2 text-sm text-gray-700 bg-gray-200 rounded"
      >
        10
      </span>
    </div>
    <div
      className=" flex items-center px-4 py-2 mr-8 bg-yellow-100 rounded transition duration-300 transform ease-in-out opacity-0 translate-x-20"
    >
      <svg
        className="w-4 h-4 text-orange-700"
      >
        exclamation.svg
      </svg>
      <span
        className="ml-3 text-xs font-bold text-orange-900"
      >
        Looks like there is nothing here, try removing some filters.
      </span>
    </div>
  </div>
  <div
    className="overflow-x-auto"
  >
    <div
      className="inline-block min-w-full overflow-hidden"
    >
      <table
        className="min-w-full table-auto"
      >
        <thead
          className="border-b border-gray-300"
        >
          <tr>
            <th
              className="px-6 py-3 text-xs font-medium leading-4 tracking-wider text-left text-gray-700 uppercase bg-white-100"
            >
              <div
                className="flex"
              >
                <span>
                  Created
                </span>
                <svg
                  className="w-4 h-4 ml-1 text-gray-600 hover:text-gray-900"
                  onClick={[Function]}
                >
                  chevron-down.svg
                </svg>
              </div>
            </th>
            <th
              className="flex px-6 py-3 text-xs font-medium leading-4 tracking-wider text-left text-gray-700 uppercase bg-white-100"
            >
              Status
            </th>
            <th
              className="px-6 py-3 text-xs font-medium leading-4 tracking-wider text-left text-gray-700 uppercase bg-white-100"
            >
              <div
                className="flex"
              >
                <span>
                  Amount You Pay
                </span>
                <svg
                  className="w-4 h-4 ml-1 text-gray-600 hover:text-gray-900"
                  onClick={[Function]}
                >
                  chevron-down.svg
                </svg>
              </div>
            </th>
            <th
              className="px-6 py-3 text-xs font-medium leading-4 tracking-wider text-left text-gray-700 uppercase bg-white-100"
            >
              <div
                className="flex"
              >
                <span>
                  Rate
                </span>
                <svg
                  className="w-4 h-4 ml-1 text-gray-600 hover:text-gray-900"
                  onClick={[Function]}
                >
                  chevron-down.svg
                </svg>
              </div>
            </th>
          </tr>
        </thead>
        <tbody
          className="bg-white"
        >
          <tr
            className="border-l-2 border-transparent hover:bg-gray-100 hover:border-gray-400 bg-gray-100 border-l-4 border-gray-400"
            onClick={[Function]}
          >
            <td
              className="table-cell px-6 py-4 whitespace-no-wrap border-t border-gray-200"
            >
              <div
                className="flex flex-col text-sm leading-5"
              >
                <span
                  className="text-gray-700"
                >
                  IAmADate
                </span>
                <span
                  className="text-xs text-gray-500"
                >
                  IAmADate
                </span>
              </div>
            </td>
            <td
              className="px-6 py-4 text-left whitespace-no-wrap border-t border-gray-200"
            >
              <span
                className="px-2 text-xs uppercase font-semibold rounded bg-red-100 text-red-800"
              >
                label
              </span>
            </td>
            <td
              className="px-6 py-4 whitespace-no-wrap border-t border-gray-200"
            >
              <div
                className="flex items-center"
              >
                <span
                  className="inline-flex px-2 text-xs font-semibold uppercase bg-gray-300 rounded "
                >
                  BTC
                </span>
                <span
                  className="ml-2 font-mono leading-5 text-gray-500"
                >
                  1
                </span>
              </div>
            </td>
            <td
              className="px-6 py-4 whitespace-no-wrap border-t border-gray-200"
            >
              <div
                className="flex items-center"
              >
                <span
                  className="flex items-center ml-2 leading-5 text-gray-500"
                >
                  1.00000
                  <div
                    className="flex flex-col ml-4 text-xs tracking-tight text-gray-500"
                  >
                    <span>
                      BTS
                    </span>
                    <div
                      className="border-t border-gray-400 "
                    />
                    <span>
                      BTC
                    </span>
                  </div>
                </span>
              </div>
            </td>
          </tr>
          <tr
            className="border-l-2 border-transparent hover:bg-gray-100 hover:border-gray-400 bg-gray-100 border-l-4 border-gray-400"
            onClick={[Function]}
          >
            <td
              className="table-cell px-6 py-4 whitespace-no-wrap border-t border-gray-200"
            >
              <div
                className="flex flex-col text-sm leading-5"
              >
                <span
                  className="text-gray-700"
                >
                  IAmADate
                </span>
                <span
                  className="text-xs text-gray-500"
                >
                  IAmADate
                </span>
              </div>
            </td>
            <td
              className="px-6 py-4 text-left whitespace-no-wrap border-t border-gray-200"
            >
              <span
                className="px-2 text-xs uppercase font-semibold rounded bg-red-100 text-red-800"
              >
                label
              </span>
            </td>
            <td
              className="px-6 py-4 whitespace-no-wrap border-t border-gray-200"
            >
              <div
                className="flex items-center"
              >
                <span
                  className="inline-flex px-2 text-xs font-semibold uppercase bg-gray-300 rounded "
                >
                  BTC
                </span>
                <span
                  className="ml-2 font-mono leading-5 text-gray-500"
                >
                  1
                </span>
              </div>
            </td>
            <td
              className="px-6 py-4 whitespace-no-wrap border-t border-gray-200"
            >
              <div
                className="flex items-center"
              >
                <span
                  className="flex items-center ml-2 leading-5 text-gray-500"
                >
                  1.00000
                  <div
                    className="flex flex-col ml-4 text-xs tracking-tight text-gray-500"
                  >
                    <span>
                      BTS
                    </span>
                    <div
                      className="border-t border-gray-400 "
                    />
                    <span>
                      BTC
                    </span>
                  </div>
                </span>
              </div>
            </td>
          </tr>
          <tr
            className="border-l-2 border-transparent hover:bg-gray-100 hover:border-gray-400 bg-gray-100 border-l-4 border-gray-400"
            onClick={[Function]}
          >
            <td
              className="table-cell px-6 py-4 whitespace-no-wrap border-t border-gray-200"
            >
              <div
                className="flex flex-col text-sm leading-5"
              >
                <span
                  className="text-gray-700"
                >
                  IAmADate
                </span>
                <span
                  className="text-xs text-gray-500"
                >
                  IAmADate
                </span>
              </div>
            </td>
            <td
              className="px-6 py-4 text-left whitespace-no-wrap border-t border-gray-200"
            >
              <span
                className="px-2 text-xs uppercase font-semibold rounded bg-red-100 text-red-800"
              >
                label
              </span>
            </td>
            <td
              className="px-6 py-4 whitespace-no-wrap border-t border-gray-200"
            >
              <div
                className="flex items-center"
              >
                <span
                  className="inline-flex px-2 text-xs font-semibold uppercase bg-gray-300 rounded "
                >
                  BTC
                </span>
                <span
                  className="ml-2 font-mono leading-5 text-gray-500"
                >
                  1
                </span>
              </div>
            </td>
            <td
              className="px-6 py-4 whitespace-no-wrap border-t border-gray-200"
            >
              <div
                className="flex items-center"
              >
                <span
                  className="flex items-center ml-2 leading-5 text-gray-500"
                >
                  1.00000
                  <div
                    className="flex flex-col ml-4 text-xs tracking-tight text-gray-500"
                  >
                    <span>
                      BTS
                    </span>
                    <div
                      className="border-t border-gray-400 "
                    />
                    <span>
                      BTC
                    </span>
                  </div>
                </span>
              </div>
            </td>
          </tr>
          <tr
            className="border-l-2 border-transparent hover:bg-gray-100 hover:border-gray-400 bg-gray-100 border-l-4 border-gray-400"
            onClick={[Function]}
          >
            <td
              className="table-cell px-6 py-4 whitespace-no-wrap border-t border-gray-200"
            >
              <div
                className="flex flex-col text-sm leading-5"
              >
                <span
                  className="text-gray-700"
                >
                  IAmADate
                </span>
                <span
                  className="text-xs text-gray-500"
                >
                  IAmADate
                </span>
              </div>
            </td>
            <td
              className="px-6 py-4 text-left whitespace-no-wrap border-t border-gray-200"
            >
              <span
                className="px-2 text-xs uppercase font-semibold rounded bg-red-100 text-red-800"
              >
                label
              </span>
            </td>
            <td
              className="px-6 py-4 whitespace-no-wrap border-t border-gray-200"
            >
              <div
                className="flex items-center"
              >
                <span
                  className="inline-flex px-2 text-xs font-semibold uppercase bg-gray-300 rounded "
                >
                  BTC
                </span>
                <span
                  className="ml-2 font-mono leading-5 text-gray-500"
                >
                  1
                </span>
              </div>
            </td>
            <td
              className="px-6 py-4 whitespace-no-wrap border-t border-gray-200"
            >
              <div
                className="flex items-center"
              >
                <span
                  className="flex items-center ml-2 leading-5 text-gray-500"
                >
                  1.00000
                  <div
                    className="flex flex-col ml-4 text-xs tracking-tight text-gray-500"
                  >
                    <span>
                      BTS
                    </span>
                    <div
                      className="border-t border-gray-400 "
                    />
                    <span>
                      BTC
                    </span>
                  </div>
                </span>
              </div>
            </td>
          </tr>
          <tr
            className="border-l-2 border-transparent hover:bg-gray-100 hover:border-gray-400 bg-gray-100 border-l-4 border-gray-400"
            onClick={[Function]}
          >
            <td
              className="table-cell px-6 py-4 whitespace-no-wrap border-t border-gray-200"
            >
              <div
                className="flex flex-col text-sm leading-5"
              >
                <span
                  className="text-gray-700"
                >
                  IAmADate
                </span>
                <span
                  className="text-xs text-gray-500"
                >
                  IAmADate
                </span>
              </div>
            </td>
            <td
              className="px-6 py-4 text-left whitespace-no-wrap border-t border-gray-200"
            >
              <span
                className="px-2 text-xs uppercase font-semibold rounded bg-red-100 text-red-800"
              >
                label
              </span>
            </td>
            <td
              className="px-6 py-4 whitespace-no-wrap border-t border-gray-200"
            >
              <div
                className="flex items-center"
              >
                <span
                  className="inline-flex px-2 text-xs font-semibold uppercase bg-gray-300 rounded "
                >
                  BTC
                </span>
                <span
                  className="ml-2 font-mono leading-5 text-gray-500"
                >
                  1
                </span>
              </div>
            </td>
            <td
              className="px-6 py-4 whitespace-no-wrap border-t border-gray-200"
            >
              <div
                className="flex items-center"
              >
                <span
                  className="flex items-center ml-2 leading-5 text-gray-500"
                >
                  1.00000
                  <div
                    className="flex flex-col ml-4 text-xs tracking-tight text-gray-500"
                  >
                    <span>
                      BTS
                    </span>
                    <div
                      className="border-t border-gray-400 "
                    />
                    <span>
                      BTC
                    </span>
                  </div>
                </span>
              </div>
            </td>
          </tr>
          <tr
            className="border-l-2 border-transparent hover:bg-gray-100 hover:border-gray-400 bg-gray-100 border-l-4 border-gray-400"
            onClick={[Function]}
          >
            <td
              className="table-cell px-6 py-4 whitespace-no-wrap border-t border-gray-200"
            >
              <div
                className="flex flex-col text-sm leading-5"
              >
                <span
                  className="text-gray-700"
                >
                  IAmADate
                </span>
                <span
                  className="text-xs text-gray-500"
                >
                  IAmADate
                </span>
              </div>
            </td>
            <td
              className="px-6 py-4 text-left whitespace-no-wrap border-t border-gray-200"
            >
              <span
                className="px-2 text-xs uppercase font-semibold rounded bg-red-100 text-red-800"
              >
                label
              </span>
            </td>
            <td
              className="px-6 py-4 whitespace-no-wrap border-t border-gray-200"
            >
              <div
                className="flex items-center"
              >
                <span
                  className="inline-flex px-2 text-xs font-semibold uppercase bg-gray-300 rounded "
                >
                  BTC
                </span>
                <span
                  className="ml-2 font-mono leading-5 text-gray-500"
                >
                  1
                </span>
              </div>
            </td>
            <td
              className="px-6 py-4 whitespace-no-wrap border-t border-gray-200"
            >
              <div
                className="flex items-center"
              >
                <span
                  className="flex items-center ml-2 leading-5 text-gray-500"
                >
                  1.00000
                  <div
                    className="flex flex-col ml-4 text-xs tracking-tight text-gray-500"
                  >
                    <span>
                      BTS
                    </span>
                    <div
                      className="border-t border-gray-400 "
                    />
                    <span>
                      BTC
                    </span>
                  </div>
                </span>
              </div>
            </td>
          </tr>
          <tr
            className="border-l-2 border-transparent hover:bg-gray-100 hover:border-gray-400 bg-gray-100 border-l-4 border-gray-400"
            onClick={[Function]}
          >
            <td
              className="table-cell px-6 py-4 whitespace-no-wrap border-t border-gray-200"
            >
              <div
                className="flex flex-col text-sm leading-5"
              >
                <span
                  className="text-gray-700"
                >
                  IAmADate
                </span>
                <span
                  className="text-xs text-gray-500"
                >
                  IAmADate
                </span>
              </div>
            </td>
            <td
              className="px-6 py-4 text-left whitespace-no-wrap border-t border-gray-200"
            >
              <span
                className="px-2 text-xs uppercase font-semibold rounded bg-red-100 text-red-800"
              >
                label
              </span>
            </td>
            <td
              className="px-6 py-4 whitespace-no-wrap border-t border-gray-200"
            >
              <div
                className="flex items-center"
              >
                <span
                  className="inline-flex px-2 text-xs font-semibold uppercase bg-gray-300 rounded "
                >
                  BTC
                </span>
                <span
                  className="ml-2 font-mono leading-5 text-gray-500"
                >
                  1
                </span>
              </div>
            </td>
            <td
              className="px-6 py-4 whitespace-no-wrap border-t border-gray-200"
            >
              <div
                className="flex items-center"
              >
                <span
                  className="flex items-center ml-2 leading-5 text-gray-500"
                >
                  1.00000
                  <div
                    className="flex flex-col ml-4 text-xs tracking-tight text-gray-500"
                  >
                    <span>
                      BTS
                    </span>
                    <div
                      className="border-t border-gray-400 "
                    />
                    <span>
                      BTC
                    </span>
                  </div>
                </span>
              </div>
            </td>
          </tr>
          <tr
            className="border-l-2 border-transparent hover:bg-gray-100 hover:border-gray-400 bg-gray-100 border-l-4 border-gray-400"
            onClick={[Function]}
          >
            <td
              className="table-cell px-6 py-4 whitespace-no-wrap border-t border-gray-200"
            >
              <div
                className="flex flex-col text-sm leading-5"
              >
                <span
                  className="text-gray-700"
                >
                  IAmADate
                </span>
                <span
                  className="text-xs text-gray-500"
                >
                  IAmADate
                </span>
              </div>
            </td>
            <td
              className="px-6 py-4 text-left whitespace-no-wrap border-t border-gray-200"
            >
              <span
                className="px-2 text-xs uppercase font-semibold rounded bg-red-100 text-red-800"
              >
                label
              </span>
            </td>
            <td
              className="px-6 py-4 whitespace-no-wrap border-t border-gray-200"
            >
              <div
                className="flex items-center"
              >
                <span
                  className="inline-flex px-2 text-xs font-semibold uppercase bg-gray-300 rounded "
                >
                  BTC
                </span>
                <span
                  className="ml-2 font-mono leading-5 text-gray-500"
                >
                  1
                </span>
              </div>
            </td>
            <td
              className="px-6 py-4 whitespace-no-wrap border-t border-gray-200"
            >
              <div
                className="flex items-center"
              >
                <span
                  className="flex items-center ml-2 leading-5 text-gray-500"
                >
                  1.00000
                  <div
                    className="flex flex-col ml-4 text-xs tracking-tight text-gray-500"
                  >
                    <span>
                      BTS
                    </span>
                    <div
                      className="border-t border-gray-400 "
                    />
                    <span>
                      BTC
                    </span>
                  </div>
                </span>
              </div>
            </td>
          </tr>
          <tr
            className="border-l-2 border-transparent hover:bg-gray-100 hover:border-gray-400 bg-gray-100 border-l-4 border-gray-400"
            onClick={[Function]}
          >
            <td
              className="table-cell px-6 py-4 whitespace-no-wrap border-t border-gray-200"
            >
              <div
                className="flex flex-col text-sm leading-5"
              >
                <span
                  className="text-gray-700"
                >
                  IAmADate
                </span>
                <span
                  className="text-xs text-gray-500"
                >
                  IAmADate
                </span>
              </div>
            </td>
            <td
              className="px-6 py-4 text-left whitespace-no-wrap border-t border-gray-200"
            >
              <span
                className="px-2 text-xs uppercase font-semibold rounded bg-red-100 text-red-800"
              >
                label
              </span>
            </td>
            <td
              className="px-6 py-4 whitespace-no-wrap border-t border-gray-200"
            >
              <div
                className="flex items-center"
              >
                <span
                  className="inline-flex px-2 text-xs font-semibold uppercase bg-gray-300 rounded "
                >
                  BTC
                </span>
                <span
                  className="ml-2 font-mono leading-5 text-gray-500"
                >
                  1
                </span>
              </div>
            </td>
            <td
              className="px-6 py-4 whitespace-no-wrap border-t border-gray-200"
            >
              <div
                className="flex items-center"
              >
                <span
                  className="flex items-center ml-2 leading-5 text-gray-500"
                >
                  1.00000
                  <div
                    className="flex flex-col ml-4 text-xs tracking-tight text-gray-500"
                  >
                    <span>
                      BTS
                    </span>
                    <div
                      className="border-t border-gray-400 "
                    />
                    <span>
                      BTC
                    </span>
                  </div>
                </span>
              </div>
            </td>
          </tr>
          <tr
            className="border-l-2 border-transparent hover:bg-gray-100 hover:border-gray-400 bg-gray-100 border-l-4 border-gray-400"
            onClick={[Function]}
          >
            <td
              className="table-cell px-6 py-4 whitespace-no-wrap border-t border-gray-200"
            >
              <div
                className="flex flex-col text-sm leading-5"
              >
                <span
                  className="text-gray-700"
                >
                  IAmADate
                </span>
                <span
                  className="text-xs text-gray-500"
                >
                  IAmADate
                </span>
              </div>
            </td>
            <td
              className="px-6 py-4 text-left whitespace-no-wrap border-t border-gray-200"
            >
              <span
                className="px-2 text-xs uppercase font-semibold rounded bg-red-100 text-red-800"
              >
                label
              </span>
            </td>
            <td
              className="px-6 py-4 whitespace-no-wrap border-t border-gray-200"
            >
              <div
                className="flex items-center"
              >
                <span
                  className="inline-flex px-2 text-xs font-semibold uppercase bg-gray-300 rounded "
                >
                  BTC
                </span>
                <span
                  className="ml-2 font-mono leading-5 text-gray-500"
                >
                  1
                </span>
              </div>
            </td>
            <td
              className="px-6 py-4 whitespace-no-wrap border-t border-gray-200"
            >
              <div
                className="flex items-center"
              >
                <span
                  className="flex items-center ml-2 leading-5 text-gray-500"
                >
                  1.00000
                  <div
                    className="flex flex-col ml-4 text-xs tracking-tight text-gray-500"
                  >
                    <span>
                      BTS
                    </span>
                    <div
                      className="border-t border-gray-400 "
                    />
                    <span>
                      BTC
                    </span>
                  </div>
                </span>
              </div>
            </td>
          </tr>
        </tbody>
      </table>
    </div>
  </div>
</div>
`;
