// Jest Snapshot v1, https://goo.gl/fbAQLP

exports[`renders correctly 1`] = `
<nav
  className="bg-white border-b border-gray-300"
  role="navigation"
>
  <div
    className="container flex flex-wrap items-center justify-between p-4 mx-auto md:flex-no-wrap"
  >
    <div
      className="mr-4 md:mr-8"
    >
      <a
        href="/"
        onClick={[Function]}
        rel="home"
      >
        <svg
          className="h-10 text-teal-500 transition duration-200 ease-in-out fill-current hover:text-teal-300"
        >
          swapchainLogoDouble.svg
        </svg>
      </a>
    </div>
    <div
      className="ml-auto md:hidden"
    >
      <button
        className="p-2 text-gray-400 hover:text-gray-900 focus:outline-none"
        onClick={[Function]}
      >
        <svg
          className="w-6 h-6"
          fill="none"
          stroke="currentColor"
          viewBox="0 0 24 24"
        >
          <path
            d="M4 6h16M4 12h16M4 18h16"
            strokeLinecap="round"
            strokeLinejoin="round"
            strokeWidth="2"
          />
        </svg>
      </button>
    </div>
    <div
      className="hidden w-full md:w-auto md:flex-grow md:flex md:items-center"
    >
      <ul
        className="flex flex-col pt-4 mt-4 -mx-4 space-y-4 border-t md:space-x-4 md:space-y-0 md:flex-row md:items-center md:mx-0 md:mt-0 md:pt-0 md:mr-4 lg:mr-8 md:border-0"
      >
        <li>
          <a
            className="p-6 text-gray-700 transition duration-300 ease-in-out border-transparent hover:text-teal-400 md:border-b-2 hover:border-teal-400 focus:outline-none"
            href="/trade"
            onClick={[Function]}
          >
            Trade
          </a>
        </li>
        <li>
          <a
            className="p-6 text-gray-700 transition duration-300 ease-in-out border-transparent hover:text-teal-400 md:border-b-2 hover:border-teal-400 focus:outline-none"
            href="https://github.com/chronark/swapchain#cli"
            target="blank"
          >
            CLI
          </a>
        </li>
        <li>
          <a
            className="p-6 text-gray-700 transition duration-300 ease-in-out border-transparent hover:text-teal-400 md:border-b-2 hover:border-teal-400 focus:outline-none"
            href="/orderbook"
            onClick={[Function]}
          >
            Orderbook
            <span
              className="px-2 py-1 ml-2 text-xs border border-teal-500 rounded"
            >
              WIP
            </span>
          </a>
        </li>
      </ul>
      <ul
        className="flex flex-col pt-4 mt-4 -mx-4 space-y-4 border-t md:flex-row md:items-center md:mx-0 md:ml-auto md:mt-0 md:pt-0 md:border-0 md:space-y-0 md:space-x-4"
      >
        <li>
          <a
            className="p-6 text-gray-700 transition duration-300 ease-in-out border-transparent hover:text-teal-400 md:border-b-2 hover:border-teal-400 focus:outline-none"
            href="trade"
          >
            Documentation
          </a>
        </li>
        <li>
          <a
            className="flex items-center px-6 text-gray-800 transition duration-300 ease-in-out hover:text-teal-400 focus:outline-none"
            href="https://github.com/chronark/swapchain"
          >
            <svg
              className="h-8 fill-current"
            >
              github.svg
            </svg>
            <span
              className="ml-2 md:hidden"
            >
              Github
            </span>
          </a>
        </li>
      </ul>
    </div>
  </div>
</nav>
`;
