// Jest Snapshot v1, https://goo.gl/fbAQLP

exports[`renders correctly 1`] = `
<div
  className="flex flex-col items-center w-full bg-white border rounded shadow-lg"
>
  <div
    className="flex flex-col justify-center w-full p-4 space-y-4"
  >
    <div
      className="flex flex-col justify-center w-full p-8"
    >
      <h2
        className="text-3xl font-bold leading-tight text-gray-800"
      >
        Accept an Atomic Cross Chain Swap
      </h2>
      <div
        className="flex flex-col mt-12 space-y-10"
      >
        <section>
          <h2
            className="text-xl font-bold leading-tight text-gray-800"
          >
            Your Data
          </h2>
          <div
            className="items-center justify-between mt-4 md:space-x-4 md:flex"
          >
            <div
              className="md:w-1/2"
            >
              <label
                className="text-xs font-medium leading-4 tracking-wider text-gray-700 uppercase"
              >
                Bitcoin private key
              </label>
              <input
                className="w-full py-3 font-mono text-center text-gray-700 bg-gray-100 border border-gray-200 rounded focus:bg-white focus:border-teal-400"
                name="bitcoinPrivateKey"
                onChange={[Function]}
                placeholder="randomLookingHash"
                required={true}
                type="text"
                value=""
              />
            </div>
            <div
              className="md:w-1/2"
            >
              <label
                className="text-xs font-medium leading-4 tracking-wider text-gray-700 uppercase"
              >
                Bitshares private key
              </label>
              <input
                className="w-full py-3 font-mono text-center text-gray-700 bg-gray-100 border border-gray-200 rounded focus:bg-white focus:border-teal-400"
                name="bitsharesPrivateKey"
                onChange={[Function]}
                placeholder=""
                required={true}
                type="text"
                value=""
              />
            </div>
          </div>
          <p
            className="px-4 mx-auto mt-2 text-sm text-center text-gray-500"
          >
            Your public Bitcoin key and Bitshares account name can be calculated from your private key. Your private keys will never leave your browser, it is only used to sign your transactions. 
            <a
              className="relative text-xs text-blue-500"
              href="/"
            >
              Read more in our docs.
            </a>
          </p>
        </section>
        <section>
          <h2
            className="text-xl font-bold leading-tight text-gray-800"
          >
            Counterparty Data
          </h2>
          <div
            className="items-center justify-between mt-4 md:space-x-4 md:flex"
          >
            <div
              className="md:w-1/2"
            >
              <label
                className="text-xs font-medium leading-4 tracking-wider text-gray-700 uppercase"
              >
                Bitcoin public key
              </label>
              <input
                className="w-full py-3 font-mono text-center text-gray-700 bg-gray-100 border border-gray-200 rounded focus:bg-white focus:border-teal-400"
                name="counterpartyBitcoinPublicKey"
                onChange={[Function]}
                placeholder="randomLookingHash"
                required={true}
                type="text"
                value=""
              />
            </div>
            <div
              className="md:w-1/2"
            >
              <label
                className="text-xs font-medium leading-4 tracking-wider text-gray-700 uppercase"
              >
                Bitshares account name
              </label>
              <input
                className="w-full py-3 font-mono text-center text-gray-700 bg-gray-100 border border-gray-200 rounded focus:bg-white focus:border-teal-400"
                name="counterpartyBitsharesAccount"
                onChange={[Function]}
                placeholder=""
                required={true}
                type="text"
                value=""
              />
            </div>
          </div>
        </section>
        <section>
          <div
            className="block"
          >
            <label
              className="text-xs font-medium leading-4 tracking-wider text-gray-700 uppercase"
            >
              Hash from Counterparty
            </label>
            <input
              className="w-full py-3 font-mono text-center text-gray-700 bg-gray-100 border border-gray-200 rounded focus:bg-white focus:border-teal-400"
              name="hash"
              onChange={[Function]}
              placeholder="Please enter the hash you received from your trading partner"
              required={true}
              type="text"
              value=""
            />
          </div>
        </section>
      </div>
    </div>
  </div>
  <footer
    className="flex justify-center w-full p-4 bg-gray-100 border-t border-gray-200"
  >
    <div>
      <p
        className="-mt-4 pb-4 text-red-500 text-sm hidden"
      >
        Please fill in all fields
      </p>
      <button
        className="bg-gray-100 border-gray-400 inline-flex px-8 py-3 font-semibold text-gray-900 uppercase transition duration-200 ease-in-out border focus:outline-none rounded-sm hover:bg-white"
        onClick={[Function]}
        type="button"
      >
        Submit
      </button>
    </div>
  </footer>
</div>
`;
